
> dn-portabilidad@0.1.0 build C:\Users\Dereck\.gemini\antigravity\scratch\dn-portabilidad
> next build

node.exe :  ÔÜá Warning: 
Next.js inferred your 
workspace root, but it may 
not be correct.
En C:\Users\Dereck\AppData\Roa
ming\npm\pnpm.ps1: 24 
Carácter: 5
+     & "node$exe"  "$basedir/
node_modules/pnpm/bin/pnpm.cjs
" $args
+     ~~~~~~~~~~~~~~~~~~~~~~~~
~~~~~~~~~~~~~~~~~~~~~~~~~~~~~~
~~~~~~~
    + CategoryInfo          : 
    NotSpecified: ( ÔÜá Warn  
  ing: N...not be correct.:   
 String) [], RemoteExcepti    
on
    + FullyQualifiedErrorId : 
    NativeCommandError
 
 We detected multiple 
lockfiles and selected the 
directory of C:\Users\Dereck\p
npm-lock.yaml as the root 
directory.
 To silence this warning, set 
`outputFileTracingRoot` in 
your Next.js config, or 
consider removing one of the 
lockfiles if it's not needed.
   See https://nextjs.org/docs
/app/api-reference/config/next
-config-js/output#caveats for 
more information.
 Detected additional 
lockfiles: 
   * C:\Users\Dereck\.gemini\a
ntigravity\scratch\dn-portabil
idad\package-lock.json

   Ôû▓ Next.js 15.5.14
   - Environments: .env.local

   Creating an optimized production build ...
 Ô£ô Compiled successfully in 4.8s
   Linting and checking validity of types ...

Failed to compile.

./src/app/(dashboard)/dashboar
d/page.tsx
2:10  Warning: 'redirect' is 
defined but never used.  @type
script-eslint/no-unused-vars
8:3  Warning: 'TrendingUp' is 
defined but never used.  @type
script-eslint/no-unused-vars

./src/app/api/dashboard/daily-
stats/route.ts
115:43  Error: Unexpected 
any. Specify a different 
type.  @typescript-eslint/no-e
xplicit-any
129:37  Error: Unexpected 
any. Specify a different 
type.  @typescript-eslint/no-e
xplicit-any

./src/app/api/dashboard/stats/
route.ts
87:13  Warning: 
'currentWeekNum' is assigned 
a value but never used.  @type
script-eslint/no-unused-vars

./src/components/dashboard/Dai
lyFvcTable.tsx
4:20  Warning: 'Calendar' is 
defined but never used.  @type
script-eslint/no-unused-vars

./src/components/dashboard/Exe
cutiveStatsTable.tsx
100:9  Warning: 'currentWeek' 
is assigned a value but never 
used.  @typescript-eslint/no-u
nused-vars

info  - Need to disable some 
ESLint rules? Learn more 
here: https://nextjs.org/docs/
app/api-reference/config/eslin
t#disabling-rules
ÔÇëELIFECYCLEÔÇë Command failed with exit code 1.
